// Jest Snapshot v1, https://goo.gl/fbAQLP

exports[`ActivityForm create a new activity should create activity correctly 1`] = `
Object {
  "activity": Object {
    "billable": true,
    "description": "Lorem ipsum.",
    "duration": 210,
    "organization": Object {
      "id": 1,
      "name": "Adidas",
    },
    "project": Object {
      "billable": true,
      "id": 10,
      "name": "Marketing",
      "open": true,
    },
    "projectRole": Object {
      "id": 200,
      "name": "Pixel perfect",
    },
    "startDate": "2020-02-05T09:00:00.000Z",
    "userId": 0,
  },
}
`;
